../Core/Src/main.c:111:9:decToBcd	16	static
../Core/Src/main.c:116:5:bcdToDec	16	static
../Core/Src/main.c:139:6:Set_Time	48	static
../Core/Src/main.c:153:6:Get_Time	32	static
../Core/Src/main.c:167:6:HMC588L_init	32	static
../Core/Src/main.c:184:6:HMC588L_poll	72	static
../Core/Src/main.c:216:5:main	80	static
../Core/Src/main.c:328:6:SystemClock_Config	88	static
../Core/Src/main.c:374:13:MX_I2C1_Init	8	static
../Core/Src/main.c:408:13:MX_GPIO_Init	48	static
../Core/Src/main.c:442:6:Error_Handler	4	static,ignoring_inline_asm
