15:06:45 **** Incremental Build of configuration Debug for project stm32_usb_data ****
make -j8 all 
arm-none-eabi-gcc "../USB_DEVICE/App/usbd_cdc_if.c" -mcpu=cortex-m4 -std=gnu11 -g3 -DDEBUG -DUSE_HAL_DRIVER -DSTM32F401xC -c -I../Core/Inc -I../Drivers/STM32F4xx_HAL_Driver/Inc -I../Drivers/STM32F4xx_HAL_Driver/Inc/Legacy -I../Drivers/CMSIS/Device/ST/STM32F4xx/Include -I../Drivers/CMSIS/Include -I../USB_DEVICE/App -I../USB_DEVICE/Target -I../Middlewares/ST/STM32_USB_Device_Library/Core/Inc -I../Middlewares/ST/STM32_USB_Device_Library/Class/CDC/Inc -O0 -ffunction-sections -fdata-sections -Wall -fstack-usage -fcyclomatic-complexity -MMD -MP -MF"USB_DEVICE/App/usbd_cdc_if.d" -MT"USB_DEVICE/App/usbd_cdc_if.o" --specs=nano.specs -mfpu=fpv4-sp-d16 -mfloat-abi=hard -mthumb -o "USB_DEVICE/App/usbd_cdc_if.o"
arm-none-eabi-gcc -o "stm32_usb_data.elf" @"objects.list"   -mcpu=cortex-m4 -T"C:\Users\root\Desktop\Projekte\stm32\stm32_usb_data\STM32F401CCUX_FLASH.ld" --specs=nosys.specs -Wl,-Map="stm32_usb_data.map" -Wl,--gc-sections -static --specs=nano.specs -mfpu=fpv4-sp-d16 -mfloat-abi=hard -mthumb -Wl,--start-group -lc -lm -Wl,--end-group
Finished building target: stm32_usb_data.elf
 
arm-none-eabi-size  stm32_usb_data.elf 
arm-none-eabi-objdump -h -S stm32_usb_data.elf  > "stm32_usb_data.list"
   text	   data	    bss	    dec	    hex	filename
  27872	    256	   6728	  34856	   8828	stm32_usb_data.elf
Finished building: default.size.stdout
 
Finished building: stm32_usb_data.list
 
15:06:50 **** Incremental Build of configuration Debug for project stm32_usb_data ****
make -j8 all 
arm-none-eabi-size  stm32_usb_data.elf 
   text	   data	    bss	    dec	    hex	filename
  27872	    256	   6728	  34856	   8828	stm32_usb_data.elf
Finished building: default.size.stdout
 
15:09:11 **** Incremental Build of configuration Debug for project stm32_usb_data ****
make -j8 all 
arm-none-eabi-size  stm32_usb_data.elf 
   text	   data	    bss	    dec	    hex	filename
  27872	    256	   6728	  34856	   8828	stm32_usb_data.elf
Finished building: default.size.stdout
 
15:17:57 **** Incremental Build of configuration Debug for project stm32_usb_data ****
make -j8 all 
arm-none-eabi-size  stm32_usb_data.elf 
   text	   data	    bss	    dec	    hex	filename
  27872	    256	   6728	  34856	   8828	stm32_usb_data.elf
Finished building: default.size.stdout
 
15:18:21 **** Incremental Build of configuration Debug for project stm32_usb_data ****
make -j8 all 
arm-none-eabi-size  stm32_usb_data.elf 
   text	   data	    bss	    dec	    hex	filename
  27872	    256	   6728	  34856	   8828	stm32_usb_data.elf
Finished building: default.size.stdout
 
15:27:53 **** Incremental Build of configuration Debug for project stm32_usb_data ****
make -j8 all 
arm-none-eabi-gcc "../Core/Src/main.c" -mcpu=cortex-m4 -std=gnu11 -g3 -DDEBUG -DUSE_HAL_DRIVER -DSTM32F401xC -c -I../Core/Inc -I../Drivers/STM32F4xx_HAL_Driver/Inc -I../Drivers/STM32F4xx_HAL_Driver/Inc/Legacy -I../Drivers/CMSIS/Device/ST/STM32F4xx/Include -I../Drivers/CMSIS/Include -I../USB_DEVICE/App -I../USB_DEVICE/Target -I../Middlewares/ST/STM32_USB_Device_Library/Core/Inc -I../Middlewares/ST/STM32_USB_Device_Library/Class/CDC/Inc -O0 -ffunction-sections -fdata-sections -Wall -fstack-usage -fcyclomatic-complexity -MMD -MP -MF"Core/Src/main.d" -MT"Core/Src/main.o" --specs=nano.specs -mfpu=fpv4-sp-d16 -mfloat-abi=hard -mthumb -o "Core/Src/main.o"
../Core/Src/main.c: In function 'main':
../Core/Src/main.c:111:19: warning: implicit declaration of function 'CDC_Transmit_FS' [-Wimplicit-function-declaration]
  111 |                   CDC_Transmit_FS((uint8_t *) data, strlen(data));
      |                   ^~~~~~~~~~~~~~~
arm-none-eabi-gcc -o "stm32_usb_data.elf" @"objects.list"   -mcpu=cortex-m4 -T"C:\Users\root\Desktop\Projekte\stm32\stm32_usb_data\STM32F401CCUX_FLASH.ld" --specs=nosys.specs -Wl,-Map="stm32_usb_data.map" -Wl,--gc-sections -static --specs=nano.specs -mfpu=fpv4-sp-d16 -mfloat-abi=hard -mthumb -Wl,--start-group -lc -lm -Wl,--end-group
Finished building target: stm32_usb_data.elf
 
arm-none-eabi-size  stm32_usb_data.elf 
arm-none-eabi-objdump -h -S stm32_usb_data.elf  > "stm32_usb_data.list"
   text	   data	    bss	    dec	    hex	filename
  27924	    260	   6724	  34908	   885c	stm32_usb_data.elf
Finished building: default.size.stdout
 
Finished building: stm32_usb_data.list
 
15:59:01 **** Incremental Build of configuration Debug for project stm32_usb_data ****
make -j8 all 
arm-none-eabi-gcc "../Core/Src/main.c" -mcpu=cortex-m4 -std=gnu11 -g3 -DDEBUG -DUSE_HAL_DRIVER -DSTM32F401xC -c -I../Core/Inc -I../Drivers/STM32F4xx_HAL_Driver/Inc -I../Drivers/STM32F4xx_HAL_Driver/Inc/Legacy -I../Drivers/CMSIS/Device/ST/STM32F4xx/Include -I../Drivers/CMSIS/Include -I../USB_DEVICE/App -I../USB_DEVICE/Target -I../Middlewares/ST/STM32_USB_Device_Library/Core/Inc -I../Middlewares/ST/STM32_USB_Device_Library/Class/CDC/Inc -O0 -ffunction-sections -fdata-sections -Wall -fstack-usage -fcyclomatic-complexity -MMD -MP -MF"Core/Src/main.d" -MT"Core/Src/main.o" --specs=nano.specs -mfpu=fpv4-sp-d16 -mfloat-abi=hard -mthumb -o "Core/Src/main.o"
arm-none-eabi-gcc -o "stm32_usb_data.elf" @"objects.list"   -mcpu=cortex-m4 -T"C:\Users\root\Desktop\Projekte\stm32\stm32_usb_data\STM32F401CCUX_FLASH.ld" --specs=nosys.specs -Wl,-Map="stm32_usb_data.map" -Wl,--gc-sections -static --specs=nano.specs -mfpu=fpv4-sp-d16 -mfloat-abi=hard -mthumb -Wl,--start-group -lc -lm -Wl,--end-group
Finished building target: stm32_usb_data.elf
 
arm-none-eabi-size  stm32_usb_data.elf 
arm-none-eabi-objdump -h -S stm32_usb_data.elf  > "stm32_usb_data.list"
   text	   data	    bss	    dec	    hex	filename
  27928	    260	   6724	  34912	   8860	stm32_usb_data.elf
Finished building: default.size.stdout
 
Finished building: stm32_usb_data.list
 
